# 01_limpieza_saic | 2026-10-04T12:25:19
# Python 3.13.16 | numpy 2.5.3 | pandas 3.0.5

== 2003: 2003_SAIC_Exporta_202698_0140579.csv
   consulta: Fecha de la consulta: 08/09/2026 00:13:03 | bytes nulos eliminados: 25,517,611 | nota de confidencialidad: True
   filas: 369,650 -> municipales rama/clase: 341,998
   municipios: 2,447 | ramas: 272 | clases: 836
   ue: valor=341,998
   pbt: suprimida=244,217, valor=97,626, cero=155
   PBT suprimido | UE>0 (rama): 65.6% | PBT negativo (rama): 5

== 2008: 2008_SAIC_Exporta_202698_0928702.csv
   consulta: Fecha de la consulta: 08/09/2026 00:08:17 | bytes nulos eliminados: 18,530,483 | nota de confidencialidad: True
   filas: 428,340 -> municipales rama/clase: 399,567
   municipios: 2,455 | ramas: 277 | clases: 866
   ue: valor=399,567
   pbt: suprimida=281,250, valor=118,078, cero=239
   PBT suprimido | UE>0 (rama): 64.2% | PBT negativo (rama): 17

== 2013: 2013_SAIC_Exporta_202698_0748203.csv
   consulta: Fecha de la consulta: 08/09/2026 00:06:15 | bytes nulos eliminados: 13,573,179 | nota de confidencialidad: True
   filas: 466,912 -> municipales rama/clase: 437,887
   municipios: 2,456 | ramas: 276 | clases: 875
   ue: valor=437,887
   pbt: suprimida=297,329, valor=140,418, cero=140
   PBT suprimido | UE>0 (rama): 62.8% | PBT negativo (rama): 0

== 2018: 2018_SAIC_Exporta_202698_0546677.csv
   consulta: Fecha de la consulta: 08/09/2026 00:04:46 | bytes nulos eliminados: 8,512,801 | nota de confidencialidad: True
   filas: 510,663 -> municipales rama/clase: 480,436
   municipios: 2,465 | ramas: 278 | clases: 892
   ue: valor=480,436
   pbt: suprimida=321,595, valor=158,761, cero=80
   PBT suprimido | UE>0 (rama): 61.8% | PBT negativo (rama): 1

== 2023: 2023_SAIC_Exporta_202698_037586.csv
   consulta: Fecha de la consulta: 08/09/2026 00:01:59 | bytes nulos eliminados: 4,209,334 | nota de confidencialidad: True
   filas: 544,999 -> municipales rama/clase: 514,264
   municipios: 2,472 | ramas: 278 | clases: 897
   ue: valor=514,264
   pbt: suprimida=339,242, valor=174,974, cero=48
   PBT suprimido | UE>0 (rama): 60.7% | PBT negativo (rama): 0

Ramas en la unión 2003-2023: 279
   2003: ausentes ['1151', '1152', '1153', '4861', '5232', '5622', '5629']
   2008: ausentes ['5622', '5629']
   2013: ausentes ['4861', '5622', '5629']
   2018: ausentes ['4861']
   2023: ausentes ['4861']
[ramas] municipios 2024 reasignados en 2023: ['24059', '25019', '25020']
   celdas 2023 que se combinan por la reasignación: 4,124

Guardado saic_largo.csv.gz: 4,346,242 filas
            municipios  codigos   filas   ue_total
anio nivel                                        
2003 clase        2447      836  218399  2763137.0
     rama         2447      272  123599  3005157.0
2008 clase        2455      866  257062  3377256.0
     rama         2455      277  142505  3724019.0
2013 clase        2456      875  287744  4229604.0
     rama         2456      276  150143  4230745.0
2018 clase        2465      892  317470  4798917.0
     rama         2465      278  162966  4800157.0
2023 clase        2469      897  340199  5466783.0
     rama         2469      278  173034  5468180.0

== Totales municipales
   consulta: Fecha de la consulta: 04/10/2026 11:50:55 | bytes nulos eliminados: 1,013,542 | nota: True
   actividades: {'Total municipal': 12295, 'Total estatal': 160, 'Total nacional': 5}
   celdas suprimidas por año:
      ue  po_total  po_rem  remuneraciones_mdp  vacb_mdp
anio                                                    
2003   0         0       0                   0         0
2008   0         2       2                   2         2
2013   0         0       0                   0         0
2018   0         2       2                   2         2
2023   0         3       3                   3         3
   municipios por año: anio | 2003    2447 | 2008    2455 | 2013    2456 | 2018    2465 | 2023    2472
[totales] municipios 2024 reasignados en 2023: ['24059', '25019', '25020']
   municipios donde UE total != suma de UE por rama: 0
   remuneración media no calculable (PO remunerado 0 o suprimido): 462
   VACB negativo: 89 | VACB/PO no calculable: 7
   Guardado saic_totales_limpio.csv: 12,292 filas
anio                       2003      2008      2013      2018      2023
log_rem_rel     count  2272.000  2355.000  2361.000  2410.000  2432.000
                mean     -0.882    -0.936    -0.841    -0.736    -0.600
                std       0.567     0.590     0.520     0.463     0.407
                min      -3.815    -3.472    -3.928    -3.245    -3.336
                25%      -1.208    -1.288    -1.176    -1.027    -0.838
                50%      -0.909    -0.995    -0.906    -0.798    -0.637
                75%      -0.573    -0.638    -0.565    -0.488    -0.383
                max       1.506     2.075     1.309     1.535     1.007
log_vacb_po_rel count  2421.000  2418.000  2439.000  2456.000  2462.000
                mean     -1.747    -2.008    -1.676    -1.437    -1.387
                std       1.131     1.173     1.086     0.950     0.935
                min      -7.533    -8.121    -5.791    -5.519    -4.167
                25%      -2.419    -2.717    -2.355    -2.081    -2.045
                50%      -1.707    -2.035    -1.693    -1.504    -1.422
                75%      -1.107    -1.403    -1.068    -0.902    -0.801
                max       3.484     4.098     5.216     3.555     2.877
