# 03_diagnostico_variables | 2026-10-04T12:26:57
# Python 3.13.16 | numpy 2.5.3 | pandas 3.0.5
Censura del PBT | UE>0 (%), por año:
 anio  pct_suprimida   size
 2003           65.6 123599
 2008           64.2 142505
 2013           62.8 150143
 2018           61.8 162966
 2023           60.8 173034
Por quintil de UE total del municipio (1 = más chicos):
anio            2003  2008  2013  2018  2023
quintil_ue_mun                              
1.0             97.5  96.6  94.9  94.0  92.9
2.0             90.0  88.0  84.4  83.4  81.5
3.0             79.4  76.2  74.1  71.4  69.2
4.0             67.6  65.1  62.7  60.6  58.5
5.0             53.8  51.8  50.4  49.7  49.4
Por sector SCIAN (2 dígitos):
anio    2003  2008  2013  2018  2023
sector                              
11      68.8  77.1  79.1  79.1  80.1
21      84.0  86.6  89.5  89.5  86.8
22      99.7  99.0  98.4  98.1  97.6
23      81.0  79.9  81.9  79.6  81.5
31      72.0  71.3  70.5  68.7  66.6
32      74.2  72.5  71.6  70.5  70.7
33      75.0  73.7  72.8  72.1  71.4
43      67.6  66.1  64.6  63.7  64.2
46      46.5  43.5  42.1  39.6  37.1
48      77.1  87.0  86.6  84.5  84.6
49      85.6  91.5  90.0  92.0  89.5
51      89.0  87.8  90.9  91.6  93.3
52      85.1  78.2  75.1  74.3  74.8
53      72.4  72.8  67.7  70.0  69.0
54      64.7  64.1  63.6  61.7  61.5
55      91.0  83.8  80.9  86.5  91.1
56      70.6  66.3  65.3  67.2  72.6
61      75.2  72.0  71.3  70.1  68.7
62      71.9  70.7  69.3  67.1  63.7
71      73.9  71.9  71.7  71.6  71.8
72      59.4  56.9  54.0  55.0  54.7
81      59.1  57.5  54.7  53.0  52.0

Comparación espectral y de degeneración:
 anio     especificacion  n_mun  n_ramas  componentes  lambda2  lambda3  brecha_l2_l3  n_eig_mayor_0999  spearman_ice_diversidad  empates_pct  sd_ice_raw  max_abs_ice  spearman_con_ue
 2003        UE (núcleo)   2085      261            1   0.3536   0.1313        0.2223                 1                   0.8962       0.0959      0.0019       3.5427              NaN
 2003 PBT (mismo núcleo)   1895      252            1   0.4298   0.2688        0.1610                 1                   0.6946      16.9921      0.0030       6.8119           0.6986
 2003   PBT (sin núcleo)   1928      255            1   0.4252   0.2692        0.1560                 1                   0.7054      18.5166      0.0030       7.0631              NaN
 2008        UE (núcleo)   2205      269            1   0.3439   0.1337        0.2102                 1                   0.8904       0.0000      0.0017       3.6922              NaN
 2008 PBT (mismo núcleo)   2026      249            1   0.5893   0.4090        0.1803                 1                  -0.7707      14.2646      0.0156      44.2839          -0.7900
 2008   PBT (sin núcleo)   2052      253            1   0.5892   0.4052        0.1841                 1                  -0.7821      15.3996      0.0155      44.5684              NaN
 2013        UE (núcleo)   2266      267            1   0.3377   0.1282        0.2096                 1                   0.8908       0.1324      0.0017       3.8026              NaN
 2013 PBT (mismo núcleo)   2133      245            1   0.5420   0.4352        0.1068                 1                  -0.0273      12.7051      0.0141      41.0334           0.0189
 2013   PBT (sin núcleo)   2150      249            1   0.5373   0.4344        0.1030                 1                   0.0883      13.2558      0.0140      41.2494              NaN
 2018        UE (núcleo)   2320      269            1   0.3332   0.1247        0.2085                 1                   0.8911       0.3879      0.0017       3.4249              NaN
 2018 PBT (mismo núcleo)   2192      258            1   0.4386   0.4294        0.0092                 1                   0.7663      10.9489      0.0032      20.1932           0.7877
 2018   PBT (sin núcleo)   2211      262            1   0.4425   0.4293        0.0131                 1                   0.7700      11.6689      0.0029      16.8912              NaN
 2023        UE (núcleo)   2337      271            1   0.3260   0.1207        0.2054                 1                   0.8925       0.0856      0.0016       3.3555              NaN
 2023 PBT (mismo núcleo)   2222      261            2   1.0000   0.4232        0.5768                 2                  -0.6205      99.9550      0.0212      47.1275          -0.6477
 2023   PBT (sin núcleo)   2237      263            2   1.0000   0.4214        0.5786                 2                  -0.3278      99.9553      0.0001      47.2864              NaN
